// license:BSD-3-Clause
// Auto-generated custom driver list for OpenEmu MAME build
// Edit custom_drivers.txt and re-run build_custom_drivers.py to update

@source:atari/asteroid.cpp
asteroid

@source:capcom/cps1.cpp
dino
ffight
sf2
sf2ce
sf2hf

@source:galaxian/galaxian.cpp
frogger
galaxian

@source:konami/contra.cpp
contra

@source:konami/simpsons.cpp
simpsons

@source:konami/tmnt.cpp
tmnt

@source:midway/williams.cpp
defender
joust

@source:namco/galaga.cpp
galaga

@source:neogeo/neogeo.cpp
kof98
mslug
neogeo

@source:nintendo/dkong.cpp
dkong
dkongjr

@source:pacman/pacman.cpp
mspacman
pacman

@source:sega/segas16a.cpp
shinobi

@source:sega/segas16b.cpp
altbeast
goldnaxe

